<?xml version="1.0" encoding="UTF-8"?>
<itop_design xmlns:xsi="http://www.w3.org/2001/XMLSchema-instance" version="3.1">
  <classes>
    <class id="ClassWithAttributeLinkedSetEditModeNone">
      <fields>
        <field id="status" xsi:type="AttributeLinkedSet">
          <edit_mode>none</edit_mode>
          <relation_type>link</relation_type>
          <read_only>true</read_only>
        </field>
      </fields>
    </class>
    <class id="ClassWithAttributeLinkedSetEditModeAddOnly">
      <fields>
        <field id="status" xsi:type="AttributeLinkedSet">
          <edit_mode>add_only</edit_mode>
          <relation_type>link</relation_type>
          <read_only>false</read_only>
        </field>
      </fields>
    </class>
    <class id="ClassWithAttributeLinkedSetEditModeAddRemove">
      <fields>
        <field id="status" xsi:type="AttributeLinkedSet">
          <edit_mode>add_remove</edit_mode>
          <relation_type>link</relation_type>
          <read_only>false</read_only>
        </field>
      </fields>
    </class>
    <class id="ClassWithAttributeLinkedSetEditModeActions">
      <fields>
        <field id="status" xsi:type="AttributeLinkedSet">
          <edit_mode>actions</edit_mode>
          <relation_type>link</relation_type>
          <read_only>false</read_only>
        </field>
      </fields>
    </class>
    <class id="ClassWithAttributeLinkedSetEditModeInPlace">
      <fields>
        <field id="status" xsi:type="AttributeLinkedSet">
          <edit_mode>in_place</edit_mode>
          <relation_type>property</relation_type>
          <read_only>false</read_only>
        </field>
      </fields>
    </class>
    <class id="ClassWithAttributeLinkedSetNoEditMode">
      <fields>
        <field id="status" xsi:type="AttributeLinkedSet">
          <linked_class>Ticket</linked_class>
          <relation_type>link</relation_type>
          <read_only>false</read_only>
        </field>
      </fields>
    </class>
    <class id="ClassWithAttributeLinkedSetIndirect">
      <fields>
        <field id="status" xsi:type="AttributeLinkedSetIndirect">
          <read_only>false</read_only>
        </field>
      </fields>
    </class>
    <class id="OtherClass">
      <fields>
        <field id="status" xsi:type="AttributeEnum">
          <always_load_in_tables>true</always_load_in_tables>
          <values>
            <value id="new">
              <code>new</code>
              <rank>1</rank>
            </value>
            <value id="assigned">
              <code>assigned</code>
              <rank>0</rank>
            </value>
          </values>
          <sql>status</sql>
          <default_value>new</default_value>
          <is_null_allowed>false</is_null_allowed>
        </field>
        <field id="operational_status" xsi:type="AttributeMetaEnum">
          <values>
            <value id="ongoing">
              <code>ongoing</code>
              <rank>1</rank>
            </value>
            <value id="resolved">
              <code>resolved</code>
              <rank>2</rank>
            </value>
            <value id="closed">
              <code>closed</code>
              <rank>0</rank>
            </value>
          </values>
          <sql>operational_status</sql>
          <default_value>ongoing</default_value>
          <mappings>
            <mapping id="Ticket">
              <attcode>status</attcode>
              <metavalues>
                <metavalue id="resolved">
                  <values>
                    <value id="resolved"/>
                  </values>
                </metavalue>
                <metavalue id="closed">
                  <values>
                    <value id="closed"/>
                    <value id="rejected"/>
                  </values>
                </metavalue>
              </metavalues>
            </mapping>
          </mappings>
        </field>
      </fields>
    </class>
  </classes>
</itop_design>
